[2025-09-02 13:22:40,752] INFO [Controller id=0 epoch=1] Sending UpdateMetadata request to brokers Set(0) for 0 partitions (state.change.logger)
[2025-09-02 13:24:52,786] INFO [Controller id=0 epoch=2] Sending UpdateMetadata request to brokers Set(0) for 0 partitions (state.change.logger)
[2025-09-02 13:29:24,581] INFO [Controller id=0 epoch=3] Sending UpdateMetadata request to brokers Set(0) for 0 partitions (state.change.logger)
[2025-09-02 13:31:20,263] INFO [Controller id=0 epoch=4] Sending UpdateMetadata request to brokers Set(0) for 0 partitions (state.change.logger)
[2025-09-02 13:33:43,057] INFO [Controller id=0 epoch=4] Changed partition topic_resim-0 state from NonExistentPartition to NewPartition with assigned replicas 0 (state.change.logger)
[2025-09-02 13:33:43,058] INFO [Controller id=0 epoch=4] Sending UpdateMetadata request to brokers Set() for 0 partitions (state.change.logger)
[2025-09-02 13:33:43,061] INFO [Controller id=0 epoch=4] Sending UpdateMetadata request to brokers Set() for 0 partitions (state.change.logger)
[2025-09-02 13:33:43,081] INFO [Controller id=0 epoch=4] Changed partition topic_resim-0 from NewPartition to OnlinePartition with state LeaderAndIsr(leader=0, leaderEpoch=0, isrWithBrokerEpoch=List(BrokerState(brokerId=0, brokerEpoch=-1)), leaderRecoveryState=RECOVERED, partitionEpoch=0) (state.change.logger)
[2025-09-02 13:33:43,083] INFO [Controller id=0 epoch=4] Sending LeaderAndIsr request to broker 0 with 1 become-leader and 0 become-follower partitions (state.change.logger)
[2025-09-02 13:33:43,084] INFO [Controller id=0 epoch=4] Sending UpdateMetadata request to brokers Set(0) for 1 partitions (state.change.logger)
[2025-09-02 13:33:43,085] INFO [Controller id=0 epoch=4] Sending UpdateMetadata request to brokers Set() for 0 partitions (state.change.logger)
[2025-09-02 13:33:43,089] INFO [Broker id=0] Handling LeaderAndIsr request correlationId 1 from controller 0 for 1 partitions (state.change.logger)
[2025-09-02 13:33:43,103] INFO [Broker id=0] Stopped fetchers as part of LeaderAndIsr request correlationId 1 from controller 0 epoch 4 as part of the become-leader transition for 1 partitions (state.change.logger)
[2025-09-02 13:33:43,180] INFO [Broker id=0] Leader topic_resim-0 with topic id Some(rVtl75aPQI6XleXlQO-9zA) starts at leader epoch 0 from offset 0 with partition epoch 0, high watermark 0, ISR [0], adding replicas [] and removing replicas [] . Previous leader None and previous leader epoch was -1. (state.change.logger)
[2025-09-02 13:33:43,194] INFO [Broker id=0] Finished LeaderAndIsr request in 105ms correlationId 1 from controller 0 for 1 partitions (state.change.logger)
[2025-09-02 13:33:43,204] INFO [Broker id=0] Add 1 partitions and deleted 0 partitions from metadata cache in response to UpdateMetadata request sent by controller 0 epoch 4 with correlation id 2 (state.change.logger)
[2025-09-02 13:49:10,782] INFO [Controller id=0 epoch=4] Changed partition __consumer_offsets-22 state from NonExistentPartition to NewPartition with assigned replicas 0 (state.change.logger)
[2025-09-02 13:49:10,782] INFO [Controller id=0 epoch=4] Changed partition __consumer_offsets-30 state from NonExistentPartition to NewPartition with assigned replicas 0 (state.change.logger)
[2025-09-02 13:49:10,782] INFO [Controller id=0 epoch=4] Changed partition __consumer_offsets-8 state from NonExistentPartition to NewPartition with assigned replicas 0 (state.change.logger)
[2025-09-02 13:49:10,782] INFO [Controller id=0 epoch=4] Changed partition __consumer_offsets-21 state from NonExistentPartition to NewPartition with assigned replicas 0 (state.change.logger)
[2025-09-02 13:49:10,782] INFO [Controller id=0 epoch=4] Changed partition __consumer_offsets-4 state from NonExistentPartition to NewPartition with assigned replicas 0 (state.change.logger)
[2025-09-02 13:49:10,782] INFO [Controller id=0 epoch=4] Changed partition __consumer_offsets-27 state from NonExistentPartition to NewPartition with assigned replicas 0 (state.change.logger)
[2025-09-02 13:49:10,782] INFO [Controller id=0 epoch=4] Changed partition __consumer_offsets-7 state from NonExistentPartition to NewPartition with assigned replicas 0 (state.change.logger)
[2025-09-02 13:49:10,782] INFO [Controller id=0 epoch=4] Changed partition __consumer_offsets-9 state from NonExistentPartition to NewPartition with assigned replicas 0 (state.change.logger)
[2025-09-02 13:49:10,782] INFO [Controller id=0 epoch=4] Changed partition __consumer_offsets-46 state from NonExistentPartition to NewPartition with assigned replicas 0 (state.change.logger)
[2025-09-02 13:49:10,783] INFO [Controller id=0 epoch=4] Changed partition __consumer_offsets-25 state from NonExistentPartition to NewPartition with assigned replicas 0 (state.change.logger)
[2025-09-02 13:49:10,783] INFO [Controller id=0 epoch=4] Changed partition __consumer_offsets-35 state from NonExistentPartition to NewPartition with assigned replicas 0 (state.change.logger)
[2025-09-02 13:49:10,783] INFO [Controller id=0 epoch=4] Changed partition __consumer_offsets-41 state from NonExistentPartition to NewPartition with assigned replicas 0 (state.change.logger)
[2025-09-02 13:49:10,783] INFO [Controller id=0 epoch=4] Changed partition __consumer_offsets-33 state from NonExistentPartition to NewPartition with assigned replicas 0 (state.change.logger)
[2025-09-02 13:49:10,783] INFO [Controller id=0 epoch=4] Changed partition __consumer_offsets-23 state from NonExistentPartition to NewPartition with assigned replicas 0 (state.change.logger)
[2025-09-02 13:49:10,783] INFO [Controller id=0 epoch=4] Changed partition __consumer_offsets-49 state from NonExistentPartition to NewPartition with assigned replicas 0 (state.change.logger)
[2025-09-02 13:49:10,783] INFO [Controller id=0 epoch=4] Changed partition __consumer_offsets-47 state from NonExistentPartition to NewPartition with assigned replicas 0 (state.change.logger)
[2025-09-02 13:49:10,783] INFO [Controller id=0 epoch=4] Changed partition __consumer_offsets-16 state from NonExistentPartition to NewPartition with assigned replicas 0 (state.change.logger)
[2025-09-02 13:49:10,783] INFO [Controller id=0 epoch=4] Changed partition __consumer_offsets-28 state from NonExistentPartition to NewPartition with assigned replicas 0 (state.change.logger)
[2025-09-02 13:49:10,783] INFO [Controller id=0 epoch=4] Changed partition __consumer_offsets-31 state from NonExistentPartition to NewPartition with assigned replicas 0 (state.change.logger)
[2025-09-02 13:49:10,783] INFO [Controller id=0 epoch=4] Changed partition __consumer_offsets-36 state from NonExistentPartition to NewPartition with assigned replicas 0 (state.change.logger)
[2025-09-02 13:49:10,783] INFO [Controller id=0 epoch=4] Changed partition __consumer_offsets-42 state from NonExistentPartition to NewPartition with assigned replicas 0 (state.change.logger)
[2025-09-02 13:49:10,783] INFO [Controller id=0 epoch=4] Changed partition __consumer_offsets-3 state from NonExistentPartition to NewPartition with assigned replicas 0 (state.change.logger)
[2025-09-02 13:49:10,783] INFO [Controller id=0 epoch=4] Changed partition __consumer_offsets-18 state from NonExistentPartition to NewPartition with assigned replicas 0 (state.change.logger)
[2025-09-02 13:49:10,783] INFO [Controller id=0 epoch=4] Changed partition __consumer_offsets-37 state from NonExistentPartition to NewPartition with assigned replicas 0 (state.change.logger)
[2025-09-02 13:49:10,783] INFO [Controller id=0 epoch=4] Changed partition __consumer_offsets-15 state from NonExistentPartition to NewPartition with assigned replicas 0 (state.change.logger)
[2025-09-02 13:49:10,783] INFO [Controller id=0 epoch=4] Changed partition __consumer_offsets-24 state from NonExistentPartition to NewPartition with assigned replicas 0 (state.change.logger)
[2025-09-02 13:49:10,783] INFO [Controller id=0 epoch=4] Changed partition __consumer_offsets-38 state from NonExistentPartition to NewPartition with assigned replicas 0 (state.change.logger)
[2025-09-02 13:49:10,783] INFO [Controller id=0 epoch=4] Changed partition __consumer_offsets-17 state from NonExistentPartition to NewPartition with assigned replicas 0 (state.change.logger)
[2025-09-02 13:49:10,783] INFO [Controller id=0 epoch=4] Changed partition __consumer_offsets-48 state from NonExistentPartition to NewPartition with assigned replicas 0 (state.change.logger)
[2025-09-02 13:49:10,783] INFO [Controller id=0 epoch=4] Changed partition __consumer_offsets-19 state from NonExistentPartition to NewPartition with assigned replicas 0 (state.change.logger)
[2025-09-02 13:49:10,783] INFO [Controller id=0 epoch=4] Changed partition __consumer_offsets-11 state from NonExistentPartition to NewPartition with assigned replicas 0 (state.change.logger)
[2025-09-02 13:49:10,784] INFO [Controller id=0 epoch=4] Changed partition __consumer_offsets-13 state from NonExistentPartition to NewPartition with assigned replicas 0 (state.change.logger)
[2025-09-02 13:49:10,784] INFO [Controller id=0 epoch=4] Changed partition __consumer_offsets-2 state from NonExistentPartition to NewPartition with assigned replicas 0 (state.change.logger)
[2025-09-02 13:49:10,784] INFO [Controller id=0 epoch=4] Changed partition __consumer_offsets-43 state from NonExistentPartition to NewPartition with assigned replicas 0 (state.change.logger)
[2025-09-02 13:49:10,784] INFO [Controller id=0 epoch=4] Changed partition __consumer_offsets-6 state from NonExistentPartition to NewPartition with assigned replicas 0 (state.change.logger)
[2025-09-02 13:49:10,784] INFO [Controller id=0 epoch=4] Changed partition __consumer_offsets-14 state from NonExistentPartition to NewPartition with assigned replicas 0 (state.change.logger)
[2025-09-02 13:49:10,784] INFO [Controller id=0 epoch=4] Changed partition __consumer_offsets-20 state from NonExistentPartition to NewPartition with assigned replicas 0 (state.change.logger)
[2025-09-02 13:49:10,784] INFO [Controller id=0 epoch=4] Changed partition __consumer_offsets-0 state from NonExistentPartition to NewPartition with assigned replicas 0 (state.change.logger)
[2025-09-02 13:49:10,784] INFO [Controller id=0 epoch=4] Changed partition __consumer_offsets-44 state from NonExistentPartition to NewPartition with assigned replicas 0 (state.change.logger)
[2025-09-02 13:49:10,784] INFO [Controller id=0 epoch=4] Changed partition __consumer_offsets-39 state from NonExistentPartition to NewPartition with assigned replicas 0 (state.change.logger)
[2025-09-02 13:49:10,784] INFO [Controller id=0 epoch=4] Changed partition __consumer_offsets-12 state from NonExistentPartition to NewPartition with assigned replicas 0 (state.change.logger)
[2025-09-02 13:49:10,784] INFO [Controller id=0 epoch=4] Changed partition __consumer_offsets-45 state from NonExistentPartition to NewPartition with assigned replicas 0 (state.change.logger)
[2025-09-02 13:49:10,784] INFO [Controller id=0 epoch=4] Changed partition __consumer_offsets-1 state from NonExistentPartition to NewPartition with assigned replicas 0 (state.change.logger)
[2025-09-02 13:49:10,784] INFO [Controller id=0 epoch=4] Changed partition __consumer_offsets-5 state from NonExistentPartition to NewPartition with assigned replicas 0 (state.change.logger)
[2025-09-02 13:49:10,784] INFO [Controller id=0 epoch=4] Changed partition __consumer_offsets-26 state from NonExistentPartition to NewPartition with assigned replicas 0 (state.change.logger)
[2025-09-02 13:49:10,784] INFO [Controller id=0 epoch=4] Changed partition __consumer_offsets-29 state from NonExistentPartition to NewPartition with assigned replicas 0 (state.change.logger)
[2025-09-02 13:49:10,784] INFO [Controller id=0 epoch=4] Changed partition __consumer_offsets-34 state from NonExistentPartition to NewPartition with assigned replicas 0 (state.change.logger)
[2025-09-02 13:49:10,784] INFO [Controller id=0 epoch=4] Changed partition __consumer_offsets-10 state from NonExistentPartition to NewPartition with assigned replicas 0 (state.change.logger)
[2025-09-02 13:49:10,784] INFO [Controller id=0 epoch=4] Changed partition __consumer_offsets-32 state from NonExistentPartition to NewPartition with assigned replicas 0 (state.change.logger)
[2025-09-02 13:49:10,784] INFO [Controller id=0 epoch=4] Changed partition __consumer_offsets-40 state from NonExistentPartition to NewPartition with assigned replicas 0 (state.change.logger)
[2025-09-02 13:49:10,784] INFO [Controller id=0 epoch=4] Sending UpdateMetadata request to brokers Set() for 0 partitions (state.change.logger)
[2025-09-02 13:49:10,785] INFO [Controller id=0 epoch=4] Sending UpdateMetadata request to brokers Set() for 0 partitions (state.change.logger)
[2025-09-02 13:49:10,843] INFO [Controller id=0 epoch=4] Changed partition __consumer_offsets-22 from NewPartition to OnlinePartition with state LeaderAndIsr(leader=0, leaderEpoch=0, isrWithBrokerEpoch=List(BrokerState(brokerId=0, brokerEpoch=-1)), leaderRecoveryState=RECOVERED, partitionEpoch=0) (state.change.logger)
[2025-09-02 13:49:10,843] INFO [Controller id=0 epoch=4] Changed partition __consumer_offsets-30 from NewPartition to OnlinePartition with state LeaderAndIsr(leader=0, leaderEpoch=0, isrWithBrokerEpoch=List(BrokerState(brokerId=0, brokerEpoch=-1)), leaderRecoveryState=RECOVERED, partitionEpoch=0) (state.change.logger)
[2025-09-02 13:49:10,843] INFO [Controller id=0 epoch=4] Changed partition __consumer_offsets-8 from NewPartition to OnlinePartition with state LeaderAndIsr(leader=0, leaderEpoch=0, isrWithBrokerEpoch=List(BrokerState(brokerId=0, brokerEpoch=-1)), leaderRecoveryState=RECOVERED, partitionEpoch=0) (state.change.logger)
[2025-09-02 13:49:10,843] INFO [Controller id=0 epoch=4] Changed partition __consumer_offsets-21 from NewPartition to OnlinePartition with state LeaderAndIsr(leader=0, leaderEpoch=0, isrWithBrokerEpoch=List(BrokerState(brokerId=0, brokerEpoch=-1)), leaderRecoveryState=RECOVERED, partitionEpoch=0) (state.change.logger)
[2025-09-02 13:49:10,843] INFO [Controller id=0 epoch=4] Changed partition __consumer_offsets-4 from NewPartition to OnlinePartition with state LeaderAndIsr(leader=0, leaderEpoch=0, isrWithBrokerEpoch=List(BrokerState(brokerId=0, brokerEpoch=-1)), leaderRecoveryState=RECOVERED, partitionEpoch=0) (state.change.logger)
[2025-09-02 13:49:10,843] INFO [Controller id=0 epoch=4] Changed partition __consumer_offsets-27 from NewPartition to OnlinePartition with state LeaderAndIsr(leader=0, leaderEpoch=0, isrWithBrokerEpoch=List(BrokerState(brokerId=0, brokerEpoch=-1)), leaderRecoveryState=RECOVERED, partitionEpoch=0) (state.change.logger)
[2025-09-02 13:49:10,843] INFO [Controller id=0 epoch=4] Changed partition __consumer_offsets-7 from NewPartition to OnlinePartition with state LeaderAndIsr(leader=0, leaderEpoch=0, isrWithBrokerEpoch=List(BrokerState(brokerId=0, brokerEpoch=-1)), leaderRecoveryState=RECOVERED, partitionEpoch=0) (state.change.logger)
[2025-09-02 13:49:10,843] INFO [Controller id=0 epoch=4] Changed partition __consumer_offsets-9 from NewPartition to OnlinePartition with state LeaderAndIsr(leader=0, leaderEpoch=0, isrWithBrokerEpoch=List(BrokerState(brokerId=0, brokerEpoch=-1)), leaderRecoveryState=RECOVERED, partitionEpoch=0) (state.change.logger)
[2025-09-02 13:49:10,843] INFO [Controller id=0 epoch=4] Changed partition __consumer_offsets-46 from NewPartition to OnlinePartition with state LeaderAndIsr(leader=0, leaderEpoch=0, isrWithBrokerEpoch=List(BrokerState(brokerId=0, brokerEpoch=-1)), leaderRecoveryState=RECOVERED, partitionEpoch=0) (state.change.logger)
[2025-09-02 13:49:10,843] INFO [Controller id=0 epoch=4] Changed partition __consumer_offsets-25 from NewPartition to OnlinePartition with state LeaderAndIsr(leader=0, leaderEpoch=0, isrWithBrokerEpoch=List(BrokerState(brokerId=0, brokerEpoch=-1)), leaderRecoveryState=RECOVERED, partitionEpoch=0) (state.change.logger)
[2025-09-02 13:49:10,843] INFO [Controller id=0 epoch=4] Changed partition __consumer_offsets-35 from NewPartition to OnlinePartition with state LeaderAndIsr(leader=0, leaderEpoch=0, isrWithBrokerEpoch=List(BrokerState(brokerId=0, brokerEpoch=-1)), leaderRecoveryState=RECOVERED, partitionEpoch=0) (state.change.logger)
[2025-09-02 13:49:10,843] INFO [Controller id=0 epoch=4] Changed partition __consumer_offsets-41 from NewPartition to OnlinePartition with state LeaderAndIsr(leader=0, leaderEpoch=0, isrWithBrokerEpoch=List(BrokerState(brokerId=0, brokerEpoch=-1)), leaderRecoveryState=RECOVERED, partitionEpoch=0) (state.change.logger)
[2025-09-02 13:49:10,843] INFO [Controller id=0 epoch=4] Changed partition __consumer_offsets-33 from NewPartition to OnlinePartition with state LeaderAndIsr(leader=0, leaderEpoch=0, isrWithBrokerEpoch=List(BrokerState(brokerId=0, brokerEpoch=-1)), leaderRecoveryState=RECOVERED, partitionEpoch=0) (state.change.logger)
[2025-09-02 13:49:10,843] INFO [Controller id=0 epoch=4] Changed partition __consumer_offsets-23 from NewPartition to OnlinePartition with state LeaderAndIsr(leader=0, leaderEpoch=0, isrWithBrokerEpoch=List(BrokerState(brokerId=0, brokerEpoch=-1)), leaderRecoveryState=RECOVERED, partitionEpoch=0) (state.change.logger)
[2025-09-02 13:49:10,843] INFO [Controller id=0 epoch=4] Changed partition __consumer_offsets-49 from NewPartition to OnlinePartition with state LeaderAndIsr(leader=0, leaderEpoch=0, isrWithBrokerEpoch=List(BrokerState(brokerId=0, brokerEpoch=-1)), leaderRecoveryState=RECOVERED, partitionEpoch=0) (state.change.logger)
[2025-09-02 13:49:10,843] INFO [Controller id=0 epoch=4] Changed partition __consumer_offsets-47 from NewPartition to OnlinePartition with state LeaderAndIsr(leader=0, leaderEpoch=0, isrWithBrokerEpoch=List(BrokerState(brokerId=0, brokerEpoch=-1)), leaderRecoveryState=RECOVERED, partitionEpoch=0) (state.change.logger)
[2025-09-02 13:49:10,843] INFO [Controller id=0 epoch=4] Changed partition __consumer_offsets-16 from NewPartition to OnlinePartition with state LeaderAndIsr(leader=0, leaderEpoch=0, isrWithBrokerEpoch=List(BrokerState(brokerId=0, brokerEpoch=-1)), leaderRecoveryState=RECOVERED, partitionEpoch=0) (state.change.logger)
[2025-09-02 13:49:10,843] INFO [Controller id=0 epoch=4] Changed partition __consumer_offsets-28 from NewPartition to OnlinePartition with state LeaderAndIsr(leader=0, leaderEpoch=0, isrWithBrokerEpoch=List(BrokerState(brokerId=0, brokerEpoch=-1)), leaderRecoveryState=RECOVERED, partitionEpoch=0) (state.change.logger)
[2025-09-02 13:49:10,843] INFO [Controller id=0 epoch=4] Changed partition __consumer_offsets-31 from NewPartition to OnlinePartition with state LeaderAndIsr(leader=0, leaderEpoch=0, isrWithBrokerEpoch=List(BrokerState(brokerId=0, brokerEpoch=-1)), leaderRecoveryState=RECOVERED, partitionEpoch=0) (state.change.logger)
[2025-09-02 13:49:10,844] INFO [Controller id=0 epoch=4] Changed partition __consumer_offsets-36 from NewPartition to OnlinePartition with state LeaderAndIsr(leader=0, leaderEpoch=0, isrWithBrokerEpoch=List(BrokerState(brokerId=0, brokerEpoch=-1)), leaderRecoveryState=RECOVERED, partitionEpoch=0) (state.change.logger)
[2025-09-02 13:49:10,844] INFO [Controller id=0 epoch=4] Changed partition __consumer_offsets-42 from NewPartition to OnlinePartition with state LeaderAndIsr(leader=0, leaderEpoch=0, isrWithBrokerEpoch=List(BrokerState(brokerId=0, brokerEpoch=-1)), leaderRecoveryState=RECOVERED, partitionEpoch=0) (state.change.logger)
[2025-09-02 13:49:10,844] INFO [Controller id=0 epoch=4] Changed partition __consumer_offsets-3 from NewPartition to OnlinePartition with state LeaderAndIsr(leader=0, leaderEpoch=0, isrWithBrokerEpoch=List(BrokerState(brokerId=0, brokerEpoch=-1)), leaderRecoveryState=RECOVERED, partitionEpoch=0) (state.change.logger)
[2025-09-02 13:49:10,844] INFO [Controller id=0 epoch=4] Changed partition __consumer_offsets-18 from NewPartition to OnlinePartition with state LeaderAndIsr(leader=0, leaderEpoch=0, isrWithBrokerEpoch=List(BrokerState(brokerId=0, brokerEpoch=-1)), leaderRecoveryState=RECOVERED, partitionEpoch=0) (state.change.logger)
[2025-09-02 13:49:10,844] INFO [Controller id=0 epoch=4] Changed partition __consumer_offsets-37 from NewPartition to OnlinePartition with state LeaderAndIsr(leader=0, leaderEpoch=0, isrWithBrokerEpoch=List(BrokerState(brokerId=0, brokerEpoch=-1)), leaderRecoveryState=RECOVERED, partitionEpoch=0) (state.change.logger)
[2025-09-02 13:49:10,844] INFO [Controller id=0 epoch=4] Changed partition __consumer_offsets-15 from NewPartition to OnlinePartition with state LeaderAndIsr(leader=0, leaderEpoch=0, isrWithBrokerEpoch=List(BrokerState(brokerId=0, brokerEpoch=-1)), leaderRecoveryState=RECOVERED, partitionEpoch=0) (state.change.logger)
[2025-09-02 13:49:10,844] INFO [Controller id=0 epoch=4] Changed partition __consumer_offsets-24 from NewPartition to OnlinePartition with state LeaderAndIsr(leader=0, leaderEpoch=0, isrWithBrokerEpoch=List(BrokerState(brokerId=0, brokerEpoch=-1)), leaderRecoveryState=RECOVERED, partitionEpoch=0) (state.change.logger)
[2025-09-02 13:49:10,844] INFO [Controller id=0 epoch=4] Changed partition __consumer_offsets-38 from NewPartition to OnlinePartition with state LeaderAndIsr(leader=0, leaderEpoch=0, isrWithBrokerEpoch=List(BrokerState(brokerId=0, brokerEpoch=-1)), leaderRecoveryState=RECOVERED, partitionEpoch=0) (state.change.logger)
[2025-09-02 13:49:10,844] INFO [Controller id=0 epoch=4] Changed partition __consumer_offsets-17 from NewPartition to OnlinePartition with state LeaderAndIsr(leader=0, leaderEpoch=0, isrWithBrokerEpoch=List(BrokerState(brokerId=0, brokerEpoch=-1)), leaderRecoveryState=RECOVERED, partitionEpoch=0) (state.change.logger)
[2025-09-02 13:49:10,844] INFO [Controller id=0 epoch=4] Changed partition __consumer_offsets-48 from NewPartition to OnlinePartition with state LeaderAndIsr(leader=0, leaderEpoch=0, isrWithBrokerEpoch=List(BrokerState(brokerId=0, brokerEpoch=-1)), leaderRecoveryState=RECOVERED, partitionEpoch=0) (state.change.logger)
[2025-09-02 13:49:10,844] INFO [Controller id=0 epoch=4] Changed partition __consumer_offsets-19 from NewPartition to OnlinePartition with state LeaderAndIsr(leader=0, leaderEpoch=0, isrWithBrokerEpoch=List(BrokerState(brokerId=0, brokerEpoch=-1)), leaderRecoveryState=RECOVERED, partitionEpoch=0) (state.change.logger)
[2025-09-02 13:49:10,844] INFO [Controller id=0 epoch=4] Changed partition __consumer_offsets-11 from NewPartition to OnlinePartition with state LeaderAndIsr(leader=0, leaderEpoch=0, isrWithBrokerEpoch=List(BrokerState(brokerId=0, brokerEpoch=-1)), leaderRecoveryState=RECOVERED, partitionEpoch=0) (state.change.logger)
[2025-09-02 13:49:10,844] INFO [Controller id=0 epoch=4] Changed partition __consumer_offsets-13 from NewPartition to OnlinePartition with state LeaderAndIsr(leader=0, leaderEpoch=0, isrWithBrokerEpoch=List(BrokerState(brokerId=0, brokerEpoch=-1)), leaderRecoveryState=RECOVERED, partitionEpoch=0) (state.change.logger)
[2025-09-02 13:49:10,844] INFO [Controller id=0 epoch=4] Changed partition __consumer_offsets-2 from NewPartition to OnlinePartition with state LeaderAndIsr(leader=0, leaderEpoch=0, isrWithBrokerEpoch=List(BrokerState(brokerId=0, brokerEpoch=-1)), leaderRecoveryState=RECOVERED, partitionEpoch=0) (state.change.logger)
[2025-09-02 13:49:10,844] INFO [Controller id=0 epoch=4] Changed partition __consumer_offsets-43 from NewPartition to OnlinePartition with state LeaderAndIsr(leader=0, leaderEpoch=0, isrWithBrokerEpoch=List(BrokerState(brokerId=0, brokerEpoch=-1)), leaderRecoveryState=RECOVERED, partitionEpoch=0) (state.change.logger)
[2025-09-02 13:49:10,844] INFO [Controller id=0 epoch=4] Changed partition __consumer_offsets-6 from NewPartition to OnlinePartition with state LeaderAndIsr(leader=0, leaderEpoch=0, isrWithBrokerEpoch=List(BrokerState(brokerId=0, brokerEpoch=-1)), leaderRecoveryState=RECOVERED, partitionEpoch=0) (state.change.logger)
[2025-09-02 13:49:10,844] INFO [Controller id=0 epoch=4] Changed partition __consumer_offsets-14 from NewPartition to OnlinePartition with state LeaderAndIsr(leader=0, leaderEpoch=0, isrWithBrokerEpoch=List(BrokerState(brokerId=0, brokerEpoch=-1)), leaderRecoveryState=RECOVERED, partitionEpoch=0) (state.change.logger)
[2025-09-02 13:49:10,844] INFO [Controller id=0 epoch=4] Changed partition __consumer_offsets-20 from NewPartition to OnlinePartition with state LeaderAndIsr(leader=0, leaderEpoch=0, isrWithBrokerEpoch=List(BrokerState(brokerId=0, brokerEpoch=-1)), leaderRecoveryState=RECOVERED, partitionEpoch=0) (state.change.logger)
[2025-09-02 13:49:10,844] INFO [Controller id=0 epoch=4] Changed partition __consumer_offsets-0 from NewPartition to OnlinePartition with state LeaderAndIsr(leader=0, leaderEpoch=0, isrWithBrokerEpoch=List(BrokerState(brokerId=0, brokerEpoch=-1)), leaderRecoveryState=RECOVERED, partitionEpoch=0) (state.change.logger)
[2025-09-02 13:49:10,844] INFO [Controller id=0 epoch=4] Changed partition __consumer_offsets-44 from NewPartition to OnlinePartition with state LeaderAndIsr(leader=0, leaderEpoch=0, isrWithBrokerEpoch=List(BrokerState(brokerId=0, brokerEpoch=-1)), leaderRecoveryState=RECOVERED, partitionEpoch=0) (state.change.logger)
[2025-09-02 13:49:10,844] INFO [Controller id=0 epoch=4] Changed partition __consumer_offsets-39 from NewPartition to OnlinePartition with state LeaderAndIsr(leader=0, leaderEpoch=0, isrWithBrokerEpoch=List(BrokerState(brokerId=0, brokerEpoch=-1)), leaderRecoveryState=RECOVERED, partitionEpoch=0) (state.change.logger)
[2025-09-02 13:49:10,844] INFO [Controller id=0 epoch=4] Changed partition __consumer_offsets-12 from NewPartition to OnlinePartition with state LeaderAndIsr(leader=0, leaderEpoch=0, isrWithBrokerEpoch=List(BrokerState(brokerId=0, brokerEpoch=-1)), leaderRecoveryState=RECOVERED, partitionEpoch=0) (state.change.logger)
[2025-09-02 13:49:10,844] INFO [Controller id=0 epoch=4] Changed partition __consumer_offsets-45 from NewPartition to OnlinePartition with state LeaderAndIsr(leader=0, leaderEpoch=0, isrWithBrokerEpoch=List(BrokerState(brokerId=0, brokerEpoch=-1)), leaderRecoveryState=RECOVERED, partitionEpoch=0) (state.change.logger)
[2025-09-02 13:49:10,844] INFO [Controller id=0 epoch=4] Changed partition __consumer_offsets-1 from NewPartition to OnlinePartition with state LeaderAndIsr(leader=0, leaderEpoch=0, isrWithBrokerEpoch=List(BrokerState(brokerId=0, brokerEpoch=-1)), leaderRecoveryState=RECOVERED, partitionEpoch=0) (state.change.logger)
[2025-09-02 13:49:10,844] INFO [Controller id=0 epoch=4] Changed partition __consumer_offsets-5 from NewPartition to OnlinePartition with state LeaderAndIsr(leader=0, leaderEpoch=0, isrWithBrokerEpoch=List(BrokerState(brokerId=0, brokerEpoch=-1)), leaderRecoveryState=RECOVERED, partitionEpoch=0) (state.change.logger)
[2025-09-02 13:49:10,844] INFO [Controller id=0 epoch=4] Changed partition __consumer_offsets-26 from NewPartition to OnlinePartition with state LeaderAndIsr(leader=0, leaderEpoch=0, isrWithBrokerEpoch=List(BrokerState(brokerId=0, brokerEpoch=-1)), leaderRecoveryState=RECOVERED, partitionEpoch=0) (state.change.logger)
[2025-09-02 13:49:10,844] INFO [Controller id=0 epoch=4] Changed partition __consumer_offsets-29 from NewPartition to OnlinePartition with state LeaderAndIsr(leader=0, leaderEpoch=0, isrWithBrokerEpoch=List(BrokerState(brokerId=0, brokerEpoch=-1)), leaderRecoveryState=RECOVERED, partitionEpoch=0) (state.change.logger)
[2025-09-02 13:49:10,844] INFO [Controller id=0 epoch=4] Changed partition __consumer_offsets-34 from NewPartition to OnlinePartition with state LeaderAndIsr(leader=0, leaderEpoch=0, isrWithBrokerEpoch=List(BrokerState(brokerId=0, brokerEpoch=-1)), leaderRecoveryState=RECOVERED, partitionEpoch=0) (state.change.logger)
[2025-09-02 13:49:10,844] INFO [Controller id=0 epoch=4] Changed partition __consumer_offsets-10 from NewPartition to OnlinePartition with state LeaderAndIsr(leader=0, leaderEpoch=0, isrWithBrokerEpoch=List(BrokerState(brokerId=0, brokerEpoch=-1)), leaderRecoveryState=RECOVERED, partitionEpoch=0) (state.change.logger)
[2025-09-02 13:49:10,844] INFO [Controller id=0 epoch=4] Changed partition __consumer_offsets-32 from NewPartition to OnlinePartition with state LeaderAndIsr(leader=0, leaderEpoch=0, isrWithBrokerEpoch=List(BrokerState(brokerId=0, brokerEpoch=-1)), leaderRecoveryState=RECOVERED, partitionEpoch=0) (state.change.logger)
[2025-09-02 13:49:10,844] INFO [Controller id=0 epoch=4] Changed partition __consumer_offsets-40 from NewPartition to OnlinePartition with state LeaderAndIsr(leader=0, leaderEpoch=0, isrWithBrokerEpoch=List(BrokerState(brokerId=0, brokerEpoch=-1)), leaderRecoveryState=RECOVERED, partitionEpoch=0) (state.change.logger)
[2025-09-02 13:49:10,844] INFO [Controller id=0 epoch=4] Sending LeaderAndIsr request to broker 0 with 50 become-leader and 0 become-follower partitions (state.change.logger)
[2025-09-02 13:49:10,845] INFO [Controller id=0 epoch=4] Sending UpdateMetadata request to brokers Set(0) for 50 partitions (state.change.logger)
[2025-09-02 13:49:10,846] INFO [Controller id=0 epoch=4] Sending UpdateMetadata request to brokers Set() for 0 partitions (state.change.logger)
[2025-09-02 13:49:10,860] INFO [Broker id=0] Handling LeaderAndIsr request correlationId 3 from controller 0 for 50 partitions (state.change.logger)
[2025-09-02 13:49:10,870] INFO [Broker id=0] Stopped fetchers as part of LeaderAndIsr request correlationId 3 from controller 0 epoch 4 as part of the become-leader transition for 50 partitions (state.change.logger)
[2025-09-02 13:49:10,880] INFO [Broker id=0] Leader __consumer_offsets-0 with topic id Some(fOCpCoTrRgmgrhxrzhOlHw) starts at leader epoch 0 from offset 0 with partition epoch 0, high watermark 0, ISR [0], adding replicas [] and removing replicas [] . Previous leader None and previous leader epoch was -1. (state.change.logger)
[2025-09-02 13:49:10,889] INFO [Broker id=0] Leader __consumer_offsets-29 with topic id Some(fOCpCoTrRgmgrhxrzhOlHw) starts at leader epoch 0 from offset 0 with partition epoch 0, high watermark 0, ISR [0], adding replicas [] and removing replicas [] . Previous leader None and previous leader epoch was -1. (state.change.logger)
[2025-09-02 13:49:10,902] INFO [Broker id=0] Leader __consumer_offsets-48 with topic id Some(fOCpCoTrRgmgrhxrzhOlHw) starts at leader epoch 0 from offset 0 with partition epoch 0, high watermark 0, ISR [0], adding replicas [] and removing replicas [] . Previous leader None and previous leader epoch was -1. (state.change.logger)
[2025-09-02 13:49:10,917] INFO [Broker id=0] Leader __consumer_offsets-10 with topic id Some(fOCpCoTrRgmgrhxrzhOlHw) starts at leader epoch 0 from offset 0 with partition epoch 0, high watermark 0, ISR [0], adding replicas [] and removing replicas [] . Previous leader None and previous leader epoch was -1. (state.change.logger)
[2025-09-02 13:49:10,929] INFO [Broker id=0] Leader __consumer_offsets-45 with topic id Some(fOCpCoTrRgmgrhxrzhOlHw) starts at leader epoch 0 from offset 0 with partition epoch 0, high watermark 0, ISR [0], adding replicas [] and removing replicas [] . Previous leader None and previous leader epoch was -1. (state.change.logger)
[2025-09-02 13:49:10,942] INFO [Broker id=0] Leader __consumer_offsets-26 with topic id Some(fOCpCoTrRgmgrhxrzhOlHw) starts at leader epoch 0 from offset 0 with partition epoch 0, high watermark 0, ISR [0], adding replicas [] and removing replicas [] . Previous leader None and previous leader epoch was -1. (state.change.logger)
[2025-09-02 13:49:10,951] INFO [Broker id=0] Leader __consumer_offsets-7 with topic id Some(fOCpCoTrRgmgrhxrzhOlHw) starts at leader epoch 0 from offset 0 with partition epoch 0, high watermark 0, ISR [0], adding replicas [] and removing replicas [] . Previous leader None and previous leader epoch was -1. (state.change.logger)
[2025-09-02 13:49:10,961] INFO [Broker id=0] Leader __consumer_offsets-42 with topic id Some(fOCpCoTrRgmgrhxrzhOlHw) starts at leader epoch 0 from offset 0 with partition epoch 0, high watermark 0, ISR [0], adding replicas [] and removing replicas [] . Previous leader None and previous leader epoch was -1. (state.change.logger)
[2025-09-02 13:49:10,969] INFO [Broker id=0] Leader __consumer_offsets-4 with topic id Some(fOCpCoTrRgmgrhxrzhOlHw) starts at leader epoch 0 from offset 0 with partition epoch 0, high watermark 0, ISR [0], adding replicas [] and removing replicas [] . Previous leader None and previous leader epoch was -1. (state.change.logger)
[2025-09-02 13:49:10,979] INFO [Broker id=0] Leader __consumer_offsets-23 with topic id Some(fOCpCoTrRgmgrhxrzhOlHw) starts at leader epoch 0 from offset 0 with partition epoch 0, high watermark 0, ISR [0], adding replicas [] and removing replicas [] . Previous leader None and previous leader epoch was -1. (state.change.logger)
[2025-09-02 13:49:10,990] INFO [Broker id=0] Leader __consumer_offsets-1 with topic id Some(fOCpCoTrRgmgrhxrzhOlHw) starts at leader epoch 0 from offset 0 with partition epoch 0, high watermark 0, ISR [0], adding replicas [] and removing replicas [] . Previous leader None and previous leader epoch was -1. (state.change.logger)
[2025-09-02 13:49:10,998] INFO [Broker id=0] Leader __consumer_offsets-20 with topic id Some(fOCpCoTrRgmgrhxrzhOlHw) starts at leader epoch 0 from offset 0 with partition epoch 0, high watermark 0, ISR [0], adding replicas [] and removing replicas [] . Previous leader None and previous leader epoch was -1. (state.change.logger)
[2025-09-02 13:49:11,007] INFO [Broker id=0] Leader __consumer_offsets-39 with topic id Some(fOCpCoTrRgmgrhxrzhOlHw) starts at leader epoch 0 from offset 0 with partition epoch 0, high watermark 0, ISR [0], adding replicas [] and removing replicas [] . Previous leader None and previous leader epoch was -1. (state.change.logger)
[2025-09-02 13:49:11,020] INFO [Broker id=0] Leader __consumer_offsets-17 with topic id Some(fOCpCoTrRgmgrhxrzhOlHw) starts at leader epoch 0 from offset 0 with partition epoch 0, high watermark 0, ISR [0], adding replicas [] and removing replicas [] . Previous leader None and previous leader epoch was -1. (state.change.logger)
[2025-09-02 13:49:11,030] INFO [Broker id=0] Leader __consumer_offsets-36 with topic id Some(fOCpCoTrRgmgrhxrzhOlHw) starts at leader epoch 0 from offset 0 with partition epoch 0, high watermark 0, ISR [0], adding replicas [] and removing replicas [] . Previous leader None and previous leader epoch was -1. (state.change.logger)
[2025-09-02 13:49:11,039] INFO [Broker id=0] Leader __consumer_offsets-14 with topic id Some(fOCpCoTrRgmgrhxrzhOlHw) starts at leader epoch 0 from offset 0 with partition epoch 0, high watermark 0, ISR [0], adding replicas [] and removing replicas [] . Previous leader None and previous leader epoch was -1. (state.change.logger)
[2025-09-02 13:49:11,048] INFO [Broker id=0] Leader __consumer_offsets-33 with topic id Some(fOCpCoTrRgmgrhxrzhOlHw) starts at leader epoch 0 from offset 0 with partition epoch 0, high watermark 0, ISR [0], adding replicas [] and removing replicas [] . Previous leader None and previous leader epoch was -1. (state.change.logger)
[2025-09-02 13:49:11,057] INFO [Broker id=0] Leader __consumer_offsets-49 with topic id Some(fOCpCoTrRgmgrhxrzhOlHw) starts at leader epoch 0 from offset 0 with partition epoch 0, high watermark 0, ISR [0], adding replicas [] and removing replicas [] . Previous leader None and previous leader epoch was -1. (state.change.logger)
[2025-09-02 13:49:11,066] INFO [Broker id=0] Leader __consumer_offsets-11 with topic id Some(fOCpCoTrRgmgrhxrzhOlHw) starts at leader epoch 0 from offset 0 with partition epoch 0, high watermark 0, ISR [0], adding replicas [] and removing replicas [] . Previous leader None and previous leader epoch was -1. (state.change.logger)
[2025-09-02 13:49:11,075] INFO [Broker id=0] Leader __consumer_offsets-30 with topic id Some(fOCpCoTrRgmgrhxrzhOlHw) starts at leader epoch 0 from offset 0 with partition epoch 0, high watermark 0, ISR [0], adding replicas [] and removing replicas [] . Previous leader None and previous leader epoch was -1. (state.change.logger)
[2025-09-02 13:49:11,084] INFO [Broker id=0] Leader __consumer_offsets-46 with topic id Some(fOCpCoTrRgmgrhxrzhOlHw) starts at leader epoch 0 from offset 0 with partition epoch 0, high watermark 0, ISR [0], adding replicas [] and removing replicas [] . Previous leader None and previous leader epoch was -1. (state.change.logger)
[2025-09-02 13:49:11,094] INFO [Broker id=0] Leader __consumer_offsets-27 with topic id Some(fOCpCoTrRgmgrhxrzhOlHw) starts at leader epoch 0 from offset 0 with partition epoch 0, high watermark 0, ISR [0], adding replicas [] and removing replicas [] . Previous leader None and previous leader epoch was -1. (state.change.logger)
[2025-09-02 13:49:11,103] INFO [Broker id=0] Leader __consumer_offsets-8 with topic id Some(fOCpCoTrRgmgrhxrzhOlHw) starts at leader epoch 0 from offset 0 with partition epoch 0, high watermark 0, ISR [0], adding replicas [] and removing replicas [] . Previous leader None and previous leader epoch was -1. (state.change.logger)
[2025-09-02 13:49:11,113] INFO [Broker id=0] Leader __consumer_offsets-24 with topic id Some(fOCpCoTrRgmgrhxrzhOlHw) starts at leader epoch 0 from offset 0 with partition epoch 0, high watermark 0, ISR [0], adding replicas [] and removing replicas [] . Previous leader None and previous leader epoch was -1. (state.change.logger)
[2025-09-02 13:49:11,124] INFO [Broker id=0] Leader __consumer_offsets-43 with topic id Some(fOCpCoTrRgmgrhxrzhOlHw) starts at leader epoch 0 from offset 0 with partition epoch 0, high watermark 0, ISR [0], adding replicas [] and removing replicas [] . Previous leader None and previous leader epoch was -1. (state.change.logger)
[2025-09-02 13:49:11,135] INFO [Broker id=0] Leader __consumer_offsets-5 with topic id Some(fOCpCoTrRgmgrhxrzhOlHw) starts at leader epoch 0 from offset 0 with partition epoch 0, high watermark 0, ISR [0], adding replicas [] and removing replicas [] . Previous leader None and previous leader epoch was -1. (state.change.logger)
[2025-09-02 13:49:11,144] INFO [Broker id=0] Leader __consumer_offsets-21 with topic id Some(fOCpCoTrRgmgrhxrzhOlHw) starts at leader epoch 0 from offset 0 with partition epoch 0, high watermark 0, ISR [0], adding replicas [] and removing replicas [] . Previous leader None and previous leader epoch was -1. (state.change.logger)
[2025-09-02 13:49:11,153] INFO [Broker id=0] Leader __consumer_offsets-40 with topic id Some(fOCpCoTrRgmgrhxrzhOlHw) starts at leader epoch 0 from offset 0 with partition epoch 0, high watermark 0, ISR [0], adding replicas [] and removing replicas [] . Previous leader None and previous leader epoch was -1. (state.change.logger)
[2025-09-02 13:49:11,161] INFO [Broker id=0] Leader __consumer_offsets-2 with topic id Some(fOCpCoTrRgmgrhxrzhOlHw) starts at leader epoch 0 from offset 0 with partition epoch 0, high watermark 0, ISR [0], adding replicas [] and removing replicas [] . Previous leader None and previous leader epoch was -1. (state.change.logger)
[2025-09-02 13:49:11,172] INFO [Broker id=0] Leader __consumer_offsets-37 with topic id Some(fOCpCoTrRgmgrhxrzhOlHw) starts at leader epoch 0 from offset 0 with partition epoch 0, high watermark 0, ISR [0], adding replicas [] and removing replicas [] . Previous leader None and previous leader epoch was -1. (state.change.logger)
[2025-09-02 13:49:11,183] INFO [Broker id=0] Leader __consumer_offsets-18 with topic id Some(fOCpCoTrRgmgrhxrzhOlHw) starts at leader epoch 0 from offset 0 with partition epoch 0, high watermark 0, ISR [0], adding replicas [] and removing replicas [] . Previous leader None and previous leader epoch was -1. (state.change.logger)
[2025-09-02 13:49:11,192] INFO [Broker id=0] Leader __consumer_offsets-34 with topic id Some(fOCpCoTrRgmgrhxrzhOlHw) starts at leader epoch 0 from offset 0 with partition epoch 0, high watermark 0, ISR [0], adding replicas [] and removing replicas [] . Previous leader None and previous leader epoch was -1. (state.change.logger)
[2025-09-02 13:49:11,203] INFO [Broker id=0] Leader __consumer_offsets-15 with topic id Some(fOCpCoTrRgmgrhxrzhOlHw) starts at leader epoch 0 from offset 0 with partition epoch 0, high watermark 0, ISR [0], adding replicas [] and removing replicas [] . Previous leader None and previous leader epoch was -1. (state.change.logger)
[2025-09-02 13:49:11,212] INFO [Broker id=0] Leader __consumer_offsets-12 with topic id Some(fOCpCoTrRgmgrhxrzhOlHw) starts at leader epoch 0 from offset 0 with partition epoch 0, high watermark 0, ISR [0], adding replicas [] and removing replicas [] . Previous leader None and previous leader epoch was -1. (state.change.logger)
[2025-09-02 13:49:11,223] INFO [Broker id=0] Leader __consumer_offsets-31 with topic id Some(fOCpCoTrRgmgrhxrzhOlHw) starts at leader epoch 0 from offset 0 with partition epoch 0, high watermark 0, ISR [0], adding replicas [] and removing replicas [] . Previous leader None and previous leader epoch was -1. (state.change.logger)
[2025-09-02 13:49:11,233] INFO [Broker id=0] Leader __consumer_offsets-9 with topic id Some(fOCpCoTrRgmgrhxrzhOlHw) starts at leader epoch 0 from offset 0 with partition epoch 0, high watermark 0, ISR [0], adding replicas [] and removing replicas [] . Previous leader None and previous leader epoch was -1. (state.change.logger)
[2025-09-02 13:49:11,243] INFO [Broker id=0] Leader __consumer_offsets-47 with topic id Some(fOCpCoTrRgmgrhxrzhOlHw) starts at leader epoch 0 from offset 0 with partition epoch 0, high watermark 0, ISR [0], adding replicas [] and removing replicas [] . Previous leader None and previous leader epoch was -1. (state.change.logger)
[2025-09-02 13:49:11,253] INFO [Broker id=0] Leader __consumer_offsets-19 with topic id Some(fOCpCoTrRgmgrhxrzhOlHw) starts at leader epoch 0 from offset 0 with partition epoch 0, high watermark 0, ISR [0], adding replicas [] and removing replicas [] . Previous leader None and previous leader epoch was -1. (state.change.logger)
[2025-09-02 13:49:11,261] INFO [Broker id=0] Leader __consumer_offsets-28 with topic id Some(fOCpCoTrRgmgrhxrzhOlHw) starts at leader epoch 0 from offset 0 with partition epoch 0, high watermark 0, ISR [0], adding replicas [] and removing replicas [] . Previous leader None and previous leader epoch was -1. (state.change.logger)
[2025-09-02 13:49:11,271] INFO [Broker id=0] Leader __consumer_offsets-38 with topic id Some(fOCpCoTrRgmgrhxrzhOlHw) starts at leader epoch 0 from offset 0 with partition epoch 0, high watermark 0, ISR [0], adding replicas [] and removing replicas [] . Previous leader None and previous leader epoch was -1. (state.change.logger)
[2025-09-02 13:49:11,280] INFO [Broker id=0] Leader __consumer_offsets-35 with topic id Some(fOCpCoTrRgmgrhxrzhOlHw) starts at leader epoch 0 from offset 0 with partition epoch 0, high watermark 0, ISR [0], adding replicas [] and removing replicas [] . Previous leader None and previous leader epoch was -1. (state.change.logger)
[2025-09-02 13:49:11,288] INFO [Broker id=0] Leader __consumer_offsets-6 with topic id Some(fOCpCoTrRgmgrhxrzhOlHw) starts at leader epoch 0 from offset 0 with partition epoch 0, high watermark 0, ISR [0], adding replicas [] and removing replicas [] . Previous leader None and previous leader epoch was -1. (state.change.logger)
[2025-09-02 13:49:11,297] INFO [Broker id=0] Leader __consumer_offsets-44 with topic id Some(fOCpCoTrRgmgrhxrzhOlHw) starts at leader epoch 0 from offset 0 with partition epoch 0, high watermark 0, ISR [0], adding replicas [] and removing replicas [] . Previous leader None and previous leader epoch was -1. (state.change.logger)
[2025-09-02 13:49:11,305] INFO [Broker id=0] Leader __consumer_offsets-25 with topic id Some(fOCpCoTrRgmgrhxrzhOlHw) starts at leader epoch 0 from offset 0 with partition epoch 0, high watermark 0, ISR [0], adding replicas [] and removing replicas [] . Previous leader None and previous leader epoch was -1. (state.change.logger)
[2025-09-02 13:49:11,315] INFO [Broker id=0] Leader __consumer_offsets-16 with topic id Some(fOCpCoTrRgmgrhxrzhOlHw) starts at leader epoch 0 from offset 0 with partition epoch 0, high watermark 0, ISR [0], adding replicas [] and removing replicas [] . Previous leader None and previous leader epoch was -1. (state.change.logger)
[2025-09-02 13:49:11,324] INFO [Broker id=0] Leader __consumer_offsets-22 with topic id Some(fOCpCoTrRgmgrhxrzhOlHw) starts at leader epoch 0 from offset 0 with partition epoch 0, high watermark 0, ISR [0], adding replicas [] and removing replicas [] . Previous leader None and previous leader epoch was -1. (state.change.logger)
[2025-09-02 13:49:11,334] INFO [Broker id=0] Leader __consumer_offsets-41 with topic id Some(fOCpCoTrRgmgrhxrzhOlHw) starts at leader epoch 0 from offset 0 with partition epoch 0, high watermark 0, ISR [0], adding replicas [] and removing replicas [] . Previous leader None and previous leader epoch was -1. (state.change.logger)
[2025-09-02 13:49:11,343] INFO [Broker id=0] Leader __consumer_offsets-32 with topic id Some(fOCpCoTrRgmgrhxrzhOlHw) starts at leader epoch 0 from offset 0 with partition epoch 0, high watermark 0, ISR [0], adding replicas [] and removing replicas [] . Previous leader None and previous leader epoch was -1. (state.change.logger)
[2025-09-02 13:49:11,353] INFO [Broker id=0] Leader __consumer_offsets-3 with topic id Some(fOCpCoTrRgmgrhxrzhOlHw) starts at leader epoch 0 from offset 0 with partition epoch 0, high watermark 0, ISR [0], adding replicas [] and removing replicas [] . Previous leader None and previous leader epoch was -1. (state.change.logger)
[2025-09-02 13:49:11,364] INFO [Broker id=0] Leader __consumer_offsets-13 with topic id Some(fOCpCoTrRgmgrhxrzhOlHw) starts at leader epoch 0 from offset 0 with partition epoch 0, high watermark 0, ISR [0], adding replicas [] and removing replicas [] . Previous leader None and previous leader epoch was -1. (state.change.logger)
[2025-09-02 13:49:11,375] INFO [Broker id=0] Finished LeaderAndIsr request in 515ms correlationId 3 from controller 0 for 50 partitions (state.change.logger)
[2025-09-02 13:49:11,378] INFO [Broker id=0] Add 50 partitions and deleted 0 partitions from metadata cache in response to UpdateMetadata request sent by controller 0 epoch 4 with correlation id 4 (state.change.logger)
[2025-09-02 14:20:38,431] INFO [Controller id=0 epoch=5] Sending UpdateMetadata request to brokers Set(0) for 0 partitions (state.change.logger)
[2025-09-02 14:20:38,454] INFO [Controller id=0 epoch=5] Sending LeaderAndIsr request to broker 0 with 51 become-leader and 0 become-follower partitions (state.change.logger)
[2025-09-02 14:20:38,454] INFO [Controller id=0 epoch=5] Sending UpdateMetadata request to brokers Set(0) for 51 partitions (state.change.logger)
[2025-09-02 14:20:38,470] INFO [Broker id=0] Handling LeaderAndIsr request correlationId 1 from controller 0 for 51 partitions (state.change.logger)
[2025-09-02 14:20:38,472] INFO [Broker id=0] Ignoring LeaderAndIsr request from controller 0 with correlation id 1 epoch 5 for partition topic_resim-0 since its associated leader epoch 0 matches the current leader epoch (state.change.logger)
[2025-09-02 14:20:38,472] INFO [Broker id=0] Ignoring LeaderAndIsr request from controller 0 with correlation id 1 epoch 5 for partition __consumer_offsets-49 since its associated leader epoch 0 matches the current leader epoch (state.change.logger)
[2025-09-02 14:20:38,472] INFO [Broker id=0] Ignoring LeaderAndIsr request from controller 0 with correlation id 1 epoch 5 for partition __consumer_offsets-38 since its associated leader epoch 0 matches the current leader epoch (state.change.logger)
[2025-09-02 14:20:38,472] INFO [Broker id=0] Ignoring LeaderAndIsr request from controller 0 with correlation id 1 epoch 5 for partition __consumer_offsets-27 since its associated leader epoch 0 matches the current leader epoch (state.change.logger)
[2025-09-02 14:20:38,472] INFO [Broker id=0] Ignoring LeaderAndIsr request from controller 0 with correlation id 1 epoch 5 for partition __consumer_offsets-16 since its associated leader epoch 0 matches the current leader epoch (state.change.logger)
[2025-09-02 14:20:38,472] INFO [Broker id=0] Ignoring LeaderAndIsr request from controller 0 with correlation id 1 epoch 5 for partition __consumer_offsets-8 since its associated leader epoch 0 matches the current leader epoch (state.change.logger)
[2025-09-02 14:20:38,472] INFO [Broker id=0] Ignoring LeaderAndIsr request from controller 0 with correlation id 1 epoch 5 for partition __consumer_offsets-19 since its associated leader epoch 0 matches the current leader epoch (state.change.logger)
[2025-09-02 14:20:38,472] INFO [Broker id=0] Ignoring LeaderAndIsr request from controller 0 with correlation id 1 epoch 5 for partition __consumer_offsets-13 since its associated leader epoch 0 matches the current leader epoch (state.change.logger)
[2025-09-02 14:20:38,472] INFO [Broker id=0] Ignoring LeaderAndIsr request from controller 0 with correlation id 1 epoch 5 for partition __consumer_offsets-2 since its associated leader epoch 0 matches the current leader epoch (state.change.logger)
[2025-09-02 14:20:38,472] INFO [Broker id=0] Ignoring LeaderAndIsr request from controller 0 with correlation id 1 epoch 5 for partition __consumer_offsets-35 since its associated leader epoch 0 matches the current leader epoch (state.change.logger)
[2025-09-02 14:20:38,472] INFO [Broker id=0] Ignoring LeaderAndIsr request from controller 0 with correlation id 1 epoch 5 for partition __consumer_offsets-46 since its associated leader epoch 0 matches the current leader epoch (state.change.logger)
[2025-09-02 14:20:38,472] INFO [Broker id=0] Ignoring LeaderAndIsr request from controller 0 with correlation id 1 epoch 5 for partition __consumer_offsets-24 since its associated leader epoch 0 matches the current leader epoch (state.change.logger)
[2025-09-02 14:20:38,472] INFO [Broker id=0] Ignoring LeaderAndIsr request from controller 0 with correlation id 1 epoch 5 for partition __consumer_offsets-5 since its associated leader epoch 0 matches the current leader epoch (state.change.logger)
[2025-09-02 14:20:38,472] INFO [Broker id=0] Ignoring LeaderAndIsr request from controller 0 with correlation id 1 epoch 5 for partition __consumer_offsets-43 since its associated leader epoch 0 matches the current leader epoch (state.change.logger)
[2025-09-02 14:20:38,472] INFO [Broker id=0] Ignoring LeaderAndIsr request from controller 0 with correlation id 1 epoch 5 for partition __consumer_offsets-32 since its associated leader epoch 0 matches the current leader epoch (state.change.logger)
[2025-09-02 14:20:38,472] INFO [Broker id=0] Ignoring LeaderAndIsr request from controller 0 with correlation id 1 epoch 5 for partition __consumer_offsets-21 since its associated leader epoch 0 matches the current leader epoch (state.change.logger)
[2025-09-02 14:20:38,472] INFO [Broker id=0] Ignoring LeaderAndIsr request from controller 0 with correlation id 1 epoch 5 for partition __consumer_offsets-10 since its associated leader epoch 0 matches the current leader epoch (state.change.logger)
[2025-09-02 14:20:38,472] INFO [Broker id=0] Ignoring LeaderAndIsr request from controller 0 with correlation id 1 epoch 5 for partition __consumer_offsets-37 since its associated leader epoch 0 matches the current leader epoch (state.change.logger)
[2025-09-02 14:20:38,472] INFO [Broker id=0] Ignoring LeaderAndIsr request from controller 0 with correlation id 1 epoch 5 for partition __consumer_offsets-48 since its associated leader epoch 0 matches the current leader epoch (state.change.logger)
[2025-09-02 14:20:38,472] INFO [Broker id=0] Ignoring LeaderAndIsr request from controller 0 with correlation id 1 epoch 5 for partition __consumer_offsets-40 since its associated leader epoch 0 matches the current leader epoch (state.change.logger)
[2025-09-02 14:20:38,472] INFO [Broker id=0] Ignoring LeaderAndIsr request from controller 0 with correlation id 1 epoch 5 for partition __consumer_offsets-29 since its associated leader epoch 0 matches the current leader epoch (state.change.logger)
[2025-09-02 14:20:38,472] INFO [Broker id=0] Ignoring LeaderAndIsr request from controller 0 with correlation id 1 epoch 5 for partition __consumer_offsets-18 since its associated leader epoch 0 matches the current leader epoch (state.change.logger)
[2025-09-02 14:20:38,472] INFO [Broker id=0] Ignoring LeaderAndIsr request from controller 0 with correlation id 1 epoch 5 for partition __consumer_offsets-7 since its associated leader epoch 0 matches the current leader epoch (state.change.logger)
[2025-09-02 14:20:38,472] INFO [Broker id=0] Ignoring LeaderAndIsr request from controller 0 with correlation id 1 epoch 5 for partition __consumer_offsets-23 since its associated leader epoch 0 matches the current leader epoch (state.change.logger)
[2025-09-02 14:20:38,472] INFO [Broker id=0] Ignoring LeaderAndIsr request from controller 0 with correlation id 1 epoch 5 for partition __consumer_offsets-34 since its associated leader epoch 0 matches the current leader epoch (state.change.logger)
[2025-09-02 14:20:38,472] INFO [Broker id=0] Ignoring LeaderAndIsr request from controller 0 with correlation id 1 epoch 5 for partition __consumer_offsets-45 since its associated leader epoch 0 matches the current leader epoch (state.change.logger)
[2025-09-02 14:20:38,472] INFO [Broker id=0] Ignoring LeaderAndIsr request from controller 0 with correlation id 1 epoch 5 for partition __consumer_offsets-26 since its associated leader epoch 0 matches the current leader epoch (state.change.logger)
[2025-09-02 14:20:38,473] INFO [Broker id=0] Ignoring LeaderAndIsr request from controller 0 with correlation id 1 epoch 5 for partition __consumer_offsets-4 since its associated leader epoch 0 matches the current leader epoch (state.change.logger)
[2025-09-02 14:20:38,473] INFO [Broker id=0] Ignoring LeaderAndIsr request from controller 0 with correlation id 1 epoch 5 for partition __consumer_offsets-15 since its associated leader epoch 0 matches the current leader epoch (state.change.logger)
[2025-09-02 14:20:38,473] INFO [Broker id=0] Ignoring LeaderAndIsr request from controller 0 with correlation id 1 epoch 5 for partition __consumer_offsets-42 since its associated leader epoch 0 matches the current leader epoch (state.change.logger)
[2025-09-02 14:20:38,473] INFO [Broker id=0] Ignoring LeaderAndIsr request from controller 0 with correlation id 1 epoch 5 for partition __consumer_offsets-20 since its associated leader epoch 0 matches the current leader epoch (state.change.logger)
[2025-09-02 14:20:38,473] INFO [Broker id=0] Ignoring LeaderAndIsr request from controller 0 with correlation id 1 epoch 5 for partition __consumer_offsets-31 since its associated leader epoch 0 matches the current leader epoch (state.change.logger)
[2025-09-02 14:20:38,473] INFO [Broker id=0] Ignoring LeaderAndIsr request from controller 0 with correlation id 1 epoch 5 for partition __consumer_offsets-9 since its associated leader epoch 0 matches the current leader epoch (state.change.logger)
[2025-09-02 14:20:38,473] INFO [Broker id=0] Ignoring LeaderAndIsr request from controller 0 with correlation id 1 epoch 5 for partition __consumer_offsets-1 since its associated leader epoch 0 matches the current leader epoch (state.change.logger)
[2025-09-02 14:20:38,473] INFO [Broker id=0] Ignoring LeaderAndIsr request from controller 0 with correlation id 1 epoch 5 for partition __consumer_offsets-12 since its associated leader epoch 0 matches the current leader epoch (state.change.logger)
[2025-09-02 14:20:38,473] INFO [Broker id=0] Ignoring LeaderAndIsr request from controller 0 with correlation id 1 epoch 5 for partition __consumer_offsets-28 since its associated leader epoch 0 matches the current leader epoch (state.change.logger)
[2025-09-02 14:20:38,473] INFO [Broker id=0] Ignoring LeaderAndIsr request from controller 0 with correlation id 1 epoch 5 for partition __consumer_offsets-17 since its associated leader epoch 0 matches the current leader epoch (state.change.logger)
[2025-09-02 14:20:38,473] INFO [Broker id=0] Ignoring LeaderAndIsr request from controller 0 with correlation id 1 epoch 5 for partition __consumer_offsets-6 since its associated leader epoch 0 matches the current leader epoch (state.change.logger)
[2025-09-02 14:20:38,473] INFO [Broker id=0] Ignoring LeaderAndIsr request from controller 0 with correlation id 1 epoch 5 for partition __consumer_offsets-39 since its associated leader epoch 0 matches the current leader epoch (state.change.logger)
[2025-09-02 14:20:38,473] INFO [Broker id=0] Ignoring LeaderAndIsr request from controller 0 with correlation id 1 epoch 5 for partition __consumer_offsets-44 since its associated leader epoch 0 matches the current leader epoch (state.change.logger)
[2025-09-02 14:20:38,473] INFO [Broker id=0] Ignoring LeaderAndIsr request from controller 0 with correlation id 1 epoch 5 for partition __consumer_offsets-47 since its associated leader epoch 0 matches the current leader epoch (state.change.logger)
[2025-09-02 14:20:38,473] INFO [Broker id=0] Ignoring LeaderAndIsr request from controller 0 with correlation id 1 epoch 5 for partition __consumer_offsets-36 since its associated leader epoch 0 matches the current leader epoch (state.change.logger)
[2025-09-02 14:20:38,473] INFO [Broker id=0] Ignoring LeaderAndIsr request from controller 0 with correlation id 1 epoch 5 for partition __consumer_offsets-14 since its associated leader epoch 0 matches the current leader epoch (state.change.logger)
[2025-09-02 14:20:38,473] INFO [Broker id=0] Ignoring LeaderAndIsr request from controller 0 with correlation id 1 epoch 5 for partition __consumer_offsets-25 since its associated leader epoch 0 matches the current leader epoch (state.change.logger)
[2025-09-02 14:20:38,473] INFO [Broker id=0] Ignoring LeaderAndIsr request from controller 0 with correlation id 1 epoch 5 for partition __consumer_offsets-3 since its associated leader epoch 0 matches the current leader epoch (state.change.logger)
[2025-09-02 14:20:38,473] INFO [Broker id=0] Ignoring LeaderAndIsr request from controller 0 with correlation id 1 epoch 5 for partition __consumer_offsets-41 since its associated leader epoch 0 matches the current leader epoch (state.change.logger)
[2025-09-02 14:20:38,473] INFO [Broker id=0] Ignoring LeaderAndIsr request from controller 0 with correlation id 1 epoch 5 for partition __consumer_offsets-30 since its associated leader epoch 0 matches the current leader epoch (state.change.logger)
[2025-09-02 14:20:38,473] INFO [Broker id=0] Ignoring LeaderAndIsr request from controller 0 with correlation id 1 epoch 5 for partition __consumer_offsets-22 since its associated leader epoch 0 matches the current leader epoch (state.change.logger)
[2025-09-02 14:20:38,473] INFO [Broker id=0] Ignoring LeaderAndIsr request from controller 0 with correlation id 1 epoch 5 for partition __consumer_offsets-11 since its associated leader epoch 0 matches the current leader epoch (state.change.logger)
[2025-09-02 14:20:38,473] INFO [Broker id=0] Ignoring LeaderAndIsr request from controller 0 with correlation id 1 epoch 5 for partition __consumer_offsets-33 since its associated leader epoch 0 matches the current leader epoch (state.change.logger)
[2025-09-02 14:20:38,473] INFO [Broker id=0] Ignoring LeaderAndIsr request from controller 0 with correlation id 1 epoch 5 for partition __consumer_offsets-0 since its associated leader epoch 0 matches the current leader epoch (state.change.logger)
[2025-09-02 14:20:38,473] INFO [Broker id=0] Finished LeaderAndIsr request in 3ms correlationId 1 from controller 0 for 51 partitions (state.change.logger)
[2025-09-02 14:20:38,476] INFO [Broker id=0] Add 51 partitions and deleted 0 partitions from metadata cache in response to UpdateMetadata request sent by controller 0 epoch 5 with correlation id 2 (state.change.logger)
[2025-09-02 15:11:01,333] INFO [Controller id=0 epoch=5] Changed partition topic_ses-0 state from NonExistentPartition to NewPartition with assigned replicas 0 (state.change.logger)
[2025-09-02 15:11:01,334] INFO [Controller id=0 epoch=5] Sending UpdateMetadata request to brokers Set() for 0 partitions (state.change.logger)
[2025-09-02 15:11:01,334] INFO [Controller id=0 epoch=5] Sending UpdateMetadata request to brokers Set() for 0 partitions (state.change.logger)
[2025-09-02 15:11:01,340] INFO [Controller id=0 epoch=5] Changed partition topic_ses-0 from NewPartition to OnlinePartition with state LeaderAndIsr(leader=0, leaderEpoch=0, isrWithBrokerEpoch=List(BrokerState(brokerId=0, brokerEpoch=-1)), leaderRecoveryState=RECOVERED, partitionEpoch=0) (state.change.logger)
[2025-09-02 15:11:01,340] INFO [Controller id=0 epoch=5] Sending LeaderAndIsr request to broker 0 with 1 become-leader and 0 become-follower partitions (state.change.logger)
[2025-09-02 15:11:01,341] INFO [Controller id=0 epoch=5] Sending UpdateMetadata request to brokers Set(0) for 1 partitions (state.change.logger)
[2025-09-02 15:11:01,341] INFO [Controller id=0 epoch=5] Sending UpdateMetadata request to brokers Set() for 0 partitions (state.change.logger)
[2025-09-02 15:11:01,358] INFO [Broker id=0] Handling LeaderAndIsr request correlationId 3 from controller 0 for 1 partitions (state.change.logger)
[2025-09-02 15:11:01,359] INFO [Broker id=0] Stopped fetchers as part of LeaderAndIsr request correlationId 3 from controller 0 epoch 5 as part of the become-leader transition for 1 partitions (state.change.logger)
[2025-09-02 15:11:01,367] INFO [Broker id=0] Leader topic_ses-0 with topic id Some(FfYGYHNVQ8GsaFvo_So6tw) starts at leader epoch 0 from offset 0 with partition epoch 0, high watermark 0, ISR [0], adding replicas [] and removing replicas [] . Previous leader None and previous leader epoch was -1. (state.change.logger)
[2025-09-02 15:11:01,370] INFO [Broker id=0] Finished LeaderAndIsr request in 12ms correlationId 3 from controller 0 for 1 partitions (state.change.logger)
[2025-09-02 15:11:01,371] INFO [Broker id=0] Add 1 partitions and deleted 0 partitions from metadata cache in response to UpdateMetadata request sent by controller 0 epoch 5 with correlation id 4 (state.change.logger)
[2025-09-02 15:15:44,208] INFO [Controller id=0 epoch=5] Changed partition topic_metin-0 state from NonExistentPartition to NewPartition with assigned replicas 0 (state.change.logger)
[2025-09-02 15:15:44,208] INFO [Controller id=0 epoch=5] Sending UpdateMetadata request to brokers Set() for 0 partitions (state.change.logger)
[2025-09-02 15:15:44,208] INFO [Controller id=0 epoch=5] Sending UpdateMetadata request to brokers Set() for 0 partitions (state.change.logger)
[2025-09-02 15:15:44,214] INFO [Controller id=0 epoch=5] Changed partition topic_metin-0 from NewPartition to OnlinePartition with state LeaderAndIsr(leader=0, leaderEpoch=0, isrWithBrokerEpoch=List(BrokerState(brokerId=0, brokerEpoch=-1)), leaderRecoveryState=RECOVERED, partitionEpoch=0) (state.change.logger)
[2025-09-02 15:15:44,215] INFO [Controller id=0 epoch=5] Sending LeaderAndIsr request to broker 0 with 1 become-leader and 0 become-follower partitions (state.change.logger)
[2025-09-02 15:15:44,215] INFO [Controller id=0 epoch=5] Sending UpdateMetadata request to brokers Set(0) for 1 partitions (state.change.logger)
[2025-09-02 15:15:44,215] INFO [Controller id=0 epoch=5] Sending UpdateMetadata request to brokers Set() for 0 partitions (state.change.logger)
[2025-09-02 15:15:44,215] INFO [Broker id=0] Handling LeaderAndIsr request correlationId 5 from controller 0 for 1 partitions (state.change.logger)
[2025-09-02 15:15:44,216] INFO [Broker id=0] Stopped fetchers as part of LeaderAndIsr request correlationId 5 from controller 0 epoch 5 as part of the become-leader transition for 1 partitions (state.change.logger)
[2025-09-02 15:15:44,223] INFO [Broker id=0] Leader topic_metin-0 with topic id Some(zcBricyiQUuq9gaqKOUiDw) starts at leader epoch 0 from offset 0 with partition epoch 0, high watermark 0, ISR [0], adding replicas [] and removing replicas [] . Previous leader None and previous leader epoch was -1. (state.change.logger)
[2025-09-02 15:15:44,225] INFO [Broker id=0] Finished LeaderAndIsr request in 10ms correlationId 5 from controller 0 for 1 partitions (state.change.logger)
[2025-09-02 15:15:44,226] INFO [Broker id=0] Add 1 partitions and deleted 0 partitions from metadata cache in response to UpdateMetadata request sent by controller 0 epoch 5 with correlation id 6 (state.change.logger)
